../Src/ssd1306_nohal.c:15:13:i2c_mem_write	24	static
../Src/ssd1306_nohal.c:38:6:ssd1306_WriteCommand	16	static
../Src/ssd1306_nohal.c:43:6:ssd1306_WriteData	16	static
../Src/ssd1306_nohal.c:55:17:ssd1306_FillBuffer	24	static
../Src/ssd1306_nohal.c:65:6:ssd1306_Init	8	static
../Src/ssd1306_nohal.c:161:6:ssd1306_Fill	16	static
../Src/ssd1306_nohal.c:166:6:ssd1306_UpdateScreen	16	static
../Src/ssd1306_nohal.c:187:6:ssd1306_DrawPixel	16	static
../Src/ssd1306_nohal.c:207:6:ssd1306_WriteChar	48	static
../Src/ssd1306_nohal.c:242:6:ssd1306_WriteString	32	static
../Src/ssd1306_nohal.c:256:6:ssd1306_SetCursor	16	static
../Src/ssd1306_nohal.c:262:6:ssd1306_Line	48	static
../Src/ssd1306_nohal.c:289:6:ssd1306_Polyline	40	static
../Src/ssd1306_nohal.c:303:14:ssd1306_DegToRad	16	static
../Src/ssd1306_nohal.c:308:17:ssd1306_NormalizeTo0_360	24	static
../Src/ssd1306_nohal.c:324:6:ssd1306_DrawArc	64	static
../Src/ssd1306_nohal.c:364:6:ssd1306_DrawArcWithRadiusLine	72	static
../Src/ssd1306_nohal.c:407:6:ssd1306_DrawCircle	40	static
../Src/ssd1306_nohal.c:442:6:ssd1306_FillCircle	48	static
../Src/ssd1306_nohal.c:478:6:ssd1306_DrawRectangle	32	static
../Src/ssd1306_nohal.c:488:6:ssd1306_FillRectangle	32	static
../Src/ssd1306_nohal.c:502:17:ssd1306_InvertRectangle	32	static
../Src/ssd1306_nohal.c:533:6:ssd1306_DrawBitmap	24	static
../Src/ssd1306_nohal.c:557:6:ssd1306_SetContrast	24	static
../Src/ssd1306_nohal.c:563:6:ssd1306_SetDisplayOn	24	static
../Src/ssd1306_nohal.c:575:9:ssd1306_GetDisplayOn	4	static
