Archive member included to satisfy reference by file (symbol)

C:/ST/STM32CubeIDE_2.0.0/STM32CubeIDE/plugins/com.st.stm32cube.ide.mcu.externaltools.gnu-tools-for-stm32.13.3.rel1.win32_1.0.100.202509120712/tools/bin/../lib/gcc/arm-none-eabi/13.3.1/../../../../arm-none-eabi/lib/thumb/v7e-m+fp/hard\libc_nano.a(libc_a-exit.o)
                              C:/ST/STM32CubeIDE_2.0.0/STM32CubeIDE/plugins/com.st.stm32cube.ide.mcu.externaltools.gnu-tools-for-stm32.13.3.rel1.win32_1.0.100.202509120712/tools/bin/../lib/gcc/arm-none-eabi/13.3.1/../../../../arm-none-eabi/lib/thumb/v7e-m+fp/hard/crt0.o (exit)
C:/ST/STM32CubeIDE_2.0.0/STM32CubeIDE/plugins/com.st.stm32cube.ide.mcu.externaltools.gnu-tools-for-stm32.13.3.rel1.win32_1.0.100.202509120712/tools/bin/../lib/gcc/arm-none-eabi/13.3.1/../../../../arm-none-eabi/lib/thumb/v7e-m+fp/hard\libc_nano.a(libc_a-findfp.o)
                              C:/ST/STM32CubeIDE_2.0.0/STM32CubeIDE/plugins/com.st.stm32cube.ide.mcu.externaltools.gnu-tools-for-stm32.13.3.rel1.win32_1.0.100.202509120712/tools/bin/../lib/gcc/arm-none-eabi/13.3.1/../../../../arm-none-eabi/lib/thumb/v7e-m+fp/hard\libc_nano.a(libc_a-exit.o) (__stdio_exit_handler)
C:/ST/STM32CubeIDE_2.0.0/STM32CubeIDE/plugins/com.st.stm32cube.ide.mcu.externaltools.gnu-tools-for-stm32.13.3.rel1.win32_1.0.100.202509120712/tools/bin/../lib/gcc/arm-none-eabi/13.3.1/../../../../arm-none-eabi/lib/thumb/v7e-m+fp/hard\libc_nano.a(libc_a-fwalk.o)
                              C:/ST/STM32CubeIDE_2.0.0/STM32CubeIDE/plugins/com.st.stm32cube.ide.mcu.externaltools.gnu-tools-for-stm32.13.3.rel1.win32_1.0.100.202509120712/tools/bin/../lib/gcc/arm-none-eabi/13.3.1/../../../../arm-none-eabi/lib/thumb/v7e-m+fp/hard\libc_nano.a(libc_a-findfp.o) (_fwalk_sglue)
C:/ST/STM32CubeIDE_2.0.0/STM32CubeIDE/plugins/com.st.stm32cube.ide.mcu.externaltools.gnu-tools-for-stm32.13.3.rel1.win32_1.0.100.202509120712/tools/bin/../lib/gcc/arm-none-eabi/13.3.1/../../../../arm-none-eabi/lib/thumb/v7e-m+fp/hard\libc_nano.a(libc_a-stdio.o)
                              C:/ST/STM32CubeIDE_2.0.0/STM32CubeIDE/plugins/com.st.stm32cube.ide.mcu.externaltools.gnu-tools-for-stm32.13.3.rel1.win32_1.0.100.202509120712/tools/bin/../lib/gcc/arm-none-eabi/13.3.1/../../../../arm-none-eabi/lib/thumb/v7e-m+fp/hard\libc_nano.a(libc_a-findfp.o) (__sread)
C:/ST/STM32CubeIDE_2.0.0/STM32CubeIDE/plugins/com.st.stm32cube.ide.mcu.externaltools.gnu-tools-for-stm32.13.3.rel1.win32_1.0.100.202509120712/tools/bin/../lib/gcc/arm-none-eabi/13.3.1/../../../../arm-none-eabi/lib/thumb/v7e-m+fp/hard\libc_nano.a(libc_a-memset.o)
                              C:/ST/STM32CubeIDE_2.0.0/STM32CubeIDE/plugins/com.st.stm32cube.ide.mcu.externaltools.gnu-tools-for-stm32.13.3.rel1.win32_1.0.100.202509120712/tools/bin/../lib/gcc/arm-none-eabi/13.3.1/../../../../arm-none-eabi/lib/thumb/v7e-m+fp/hard/crt0.o (memset)
C:/ST/STM32CubeIDE_2.0.0/STM32CubeIDE/plugins/com.st.stm32cube.ide.mcu.externaltools.gnu-tools-for-stm32.13.3.rel1.win32_1.0.100.202509120712/tools/bin/../lib/gcc/arm-none-eabi/13.3.1/../../../../arm-none-eabi/lib/thumb/v7e-m+fp/hard\libc_nano.a(libc_a-closer.o)
                              C:/ST/STM32CubeIDE_2.0.0/STM32CubeIDE/plugins/com.st.stm32cube.ide.mcu.externaltools.gnu-tools-for-stm32.13.3.rel1.win32_1.0.100.202509120712/tools/bin/../lib/gcc/arm-none-eabi/13.3.1/../../../../arm-none-eabi/lib/thumb/v7e-m+fp/hard\libc_nano.a(libc_a-stdio.o) (_close_r)
C:/ST/STM32CubeIDE_2.0.0/STM32CubeIDE/plugins/com.st.stm32cube.ide.mcu.externaltools.gnu-tools-for-stm32.13.3.rel1.win32_1.0.100.202509120712/tools/bin/../lib/gcc/arm-none-eabi/13.3.1/../../../../arm-none-eabi/lib/thumb/v7e-m+fp/hard\libc_nano.a(libc_a-reent.o)
                              C:/ST/STM32CubeIDE_2.0.0/STM32CubeIDE/plugins/com.st.stm32cube.ide.mcu.externaltools.gnu-tools-for-stm32.13.3.rel1.win32_1.0.100.202509120712/tools/bin/../lib/gcc/arm-none-eabi/13.3.1/../../../../arm-none-eabi/lib/thumb/v7e-m+fp/hard\libc_nano.a(libc_a-closer.o) (errno)
C:/ST/STM32CubeIDE_2.0.0/STM32CubeIDE/plugins/com.st.stm32cube.ide.mcu.externaltools.gnu-tools-for-stm32.13.3.rel1.win32_1.0.100.202509120712/tools/bin/../lib/gcc/arm-none-eabi/13.3.1/../../../../arm-none-eabi/lib/thumb/v7e-m+fp/hard\libc_nano.a(libc_a-impure.o)
                              C:/ST/STM32CubeIDE_2.0.0/STM32CubeIDE/plugins/com.st.stm32cube.ide.mcu.externaltools.gnu-tools-for-stm32.13.3.rel1.win32_1.0.100.202509120712/tools/bin/../lib/gcc/arm-none-eabi/13.3.1/../../../../arm-none-eabi/lib/thumb/v7e-m+fp/hard\libc_nano.a(libc_a-reent.o) (_impure_ptr)
C:/ST/STM32CubeIDE_2.0.0/STM32CubeIDE/plugins/com.st.stm32cube.ide.mcu.externaltools.gnu-tools-for-stm32.13.3.rel1.win32_1.0.100.202509120712/tools/bin/../lib/gcc/arm-none-eabi/13.3.1/../../../../arm-none-eabi/lib/thumb/v7e-m+fp/hard\libc_nano.a(libc_a-lseekr.o)
[...]
Memory Configuration

Name             Origin             Length             Attributes
RAM              0x20000000         0x00018000         xrw
SRAM2            0x10000000         0x00008000         xrw
FLASH            0x08000000         0x00100000         xr
*default*        0x00000000         0xffffffff

Linker script and memory map

LOAD C:/ST/STM32CubeIDE_2.0.0/STM32CubeIDE/plugins/com.st.stm32cube.ide.mcu.externaltools.gnu-tools-for-stm32.13.3.rel1.win32_1.0.100.202509120712/tools/bin/../lib/gcc/arm-none-eabi/13.3.1/thumb/v7e-m+fp/hard/crti.o
LOAD C:/ST/STM32CubeIDE_2.0.0/STM32CubeIDE/plugins/com.st.stm32cube.ide.mcu.externaltools.gnu-tools-for-stm32.13.3.rel1.win32_1.0.100.202509120712/tools/bin/../lib/gcc/arm-none-eabi/13.3.1/thumb/v7e-m+fp/hard/crtbegin.o
LOAD C:/ST/STM32CubeIDE_2.0.0/STM32CubeIDE/plugins/com.st.stm32cube.ide.mcu.externaltools.gnu-tools-for-stm32.13.3.rel1.win32_1.0.100.202509120712/tools/bin/../lib/gcc/arm-none-eabi/13.3.1/../../../../arm-none-eabi/lib/thumb/v7e-m+fp/hard/crt0.o
LOAD ./Src/buzzer_song.o
LOAD ./Src/led.o
LOAD ./Src/main.o
LOAD ./Src/syscalls.o
LOAD ./Src/sysmem.o
LOAD ./Src/system_clock.o
LOAD ./Startup/startup_stm32l476rgtx.o
START GROUP
LOAD C:/ST/STM32CubeIDE_2.0.0/STM32CubeIDE/plugins/com.st.stm32cube.ide.mcu.externaltools.gnu-tools-for-stm32.13.3.rel1.win32_1.0.100.202509120712/tools/bin/../lib/gcc/arm-none-eabi/13.3.1/../../../../arm-none-eabi/lib/thumb/v7e-m+fp/hard\libc_nano.a
LOAD C:/ST/STM32CubeIDE_2.0.0/STM32CubeIDE/plugins/com.st.stm32cube.ide.mcu.externaltools.gnu-tools-for-stm32.13.3.rel1.win32_1.0.100.202509120712/tools/bin/../lib/gcc/arm-none-eabi/13.3.1/../../../../arm-none-eabi/lib/thumb/v7e-m+fp/hard\libm.a
END GROUP
START GROUP
LOAD C:/ST/STM32CubeIDE_2.0.0/STM32CubeIDE/plugins/com.st.stm32cube.ide.mcu.externaltools.gnu-tools-for-stm32.13.3.rel1.win32_1.0.100.202509120712/tools/bin/../lib/gcc/arm-none-eabi/13.3.1/thumb/v7e-m+fp/hard\libgcc.a
LOAD C:/ST/STM32CubeIDE_2.0.0/STM32CubeIDE/plugins/com.st.stm32cube.ide.mcu.externaltools.gnu-tools-for-stm32.13.3.rel1.win32_1.0.100.202509120712/tools/bin/../lib/gcc/arm-none-eabi/13.3.1/../../../../arm-none-eabi/lib/thumb/v7e-m+fp/hard\libc_nano.a
END GROUP
START GROUP
LOAD C:/ST/STM32CubeIDE_2.0.0/STM32CubeIDE/plugins/com.st.stm32cube.ide.mcu.externaltools.gnu-tools-for-stm32.13.3.rel1.win32_1.0.100.202509120712/tools/bin/../lib/gcc/arm-none-eabi/13.3.1/thumb/v7e-m+fp/hard\libgcc.a
LOAD C:/ST/STM32CubeIDE_2.0.0/STM32CubeIDE/plugins/com.st.stm32cube.ide.mcu.externaltools.gnu-tools-for-stm32.13.3.rel1.win32_1.0.100.202509120712/tools/bin/../lib/gcc/arm-none-eabi/13.3.1/../../../../arm-none-eabi/lib/thumb/v7e-m+fp/hard\libc_nano.a
LOAD C:/ST/STM32CubeIDE_2.0.0/STM32CubeIDE/plugins/com.st.stm32cube.ide.mcu.externaltools.gnu-tools-for-stm32.13.3.rel1.win32_1.0.100.202509120712/tools/bin/../lib/gcc/arm-none-eabi/13.3.1/../../../../arm-none-eabi/lib/thumb/v7e-m+fp/hard\libnosys.a
END GROUP
START GROUP
LOAD C:/ST/STM32CubeIDE_2.0.0/STM32CubeIDE/plugins/com.st.stm32cube.ide.mcu.externaltools.gnu-tools-for-stm32.13.3.rel1.win32_1.0.100.202509120712/tools/bin/../lib/gcc/arm-none-eabi/13.3.1/thumb/v7e-m+fp/hard\libgcc.a
LOAD C:/ST/STM32CubeIDE_2.0.0/STM32CubeIDE/plugins/com.st.stm32cube.ide.mcu.externaltools.gnu-tools-for-stm32.13.3.rel1.win32_1.0.100.202509120712/tools/bin/../lib/gcc/arm-none-eabi/13.3.1/../../../../arm-none-eabi/lib/thumb/v7e-m+fp/hard\libc_nano.a
LOAD C:/ST/STM32CubeIDE_2.0.0/STM32CubeIDE/plugins/com.st.stm32cube.ide.mcu.externaltools.gnu-tools-for-stm32.13.3.rel1.win32_1.0.100.202509120712/tools/bin/../lib/gcc/arm-none-eabi/13.3.1/../../../../arm-none-eabi/lib/thumb/v7e-m+fp/hard\libnosys.a
END GROUP
LOAD C:/ST/STM32CubeIDE_2.0.0/STM32CubeIDE/plugins/com.st.stm32cube.ide.mcu.externaltools.gnu-tools-for-stm32.13.3.rel1.win32_1.0.100.202509120712/tools/bin/../lib/gcc/arm-none-eabi/13.3.1/thumb/v7e-m+fp/hard/crtend.o
LOAD C:/ST/STM32CubeIDE_2.0.0/STM32CubeIDE/plugins/com.st.stm32cube.ide.mcu.externaltools.gnu-tools-for-stm32.13.3.rel1.win32_1.0.100.202509120712/tools/bin/../lib/gcc/arm-none-eabi/13.3.1/thumb/v7e-m+fp/hard/crtn.o
                0x20018000                        _estack = (ORIGIN (RAM) + LENGTH (RAM))
                0x00000200                        _Min_Heap_Size = 0x200
                0x00000400                        _Min_Stack_Size = 0x400

.isr_vector     0x08000000      0x184
                0x08000000                        . = ALIGN (0x4)
 *(.isr_vector)
 .isr_vector    0x08000000      0x184 ./Startup/startup_stm32l476rgtx.o
                0x08000000                g_pfnVectors
                0x08000184                        . = ALIGN (0x4)

.text           0x08000184      0x69c
                0x08000184                        . = ALIGN (0x4)
 *(.text)
 .text          0x08000184       0x40 C:/ST/STM32CubeIDE_2.0.0/STM32CubeIDE/plugins/com.st.stm32cube.ide.mcu.externaltools.gnu-tools-for-stm32.13.3.rel1.win32_1.0.100.202509120712/tools/bin/../lib/gcc/arm-none-eabi/13.3.1/thumb/v7e-m+fp/hard/crtbegin.o
 *(.text*)
 .text.configureSpeak
                0x080001c4       0x50 ./Src/buzzer_song.o
                0x080001c4                configureSpeak
 .text.task_song
                0x08000214      0x298 ./Src/buzzer_song.o
                0x08000214                task_song
 .text.Configure_LED
                0x080004ac       0x48 ./Src/led.o
                0x080004ac                Configure_LED
 .text.task_led
                0x080004f4       0x48 ./Src/led.o
                0x080004f4                task_led
 .text.main     0x0800053c       0x22 ./Src/main.o
                0x0800053c                main
 *fill*         0x0800055e        0x2 
 .text.__NVIC_SetPriority
                0x08000560       0x54 ./Src/system_clock.o
 .text.System_Clock_Init
                0x080005b4      0x11c ./Src/system_clock.o
                0x080005b4                System_Clock_Init
 .text.SysTick_Initialize
                0x080006d0       0x58 ./Src/system_clock.o
                0x080006d0                SysTick_Initialize
 .text.SysTick_Handler
                0x08000728       0x1c ./Src/system_clock.o
                0x08000728                SysTick_Handler
 .text.micros   0x08000744       0x18 ./Src/system_clock.o
                0x08000744                micros
 .text.Reset_Handler
                0x0800075c       0x50 ./Startup/startup_stm32l476rgtx.o
                0x0800075c                Reset_Handler
 .text.Default_Handler
                0x080007ac        0x2 ./Startup/startup_stm32l476rgtx.o
                0x080007ac                EXTI2_IRQHandler
                0x080007ac                TIM8_TRG_COM_IRQHandler
                0x080007ac                TIM8_CC_IRQHandler
                0x080007ac                DebugMon_Handler
                0x080007ac                DMA1_CH4_IRQHandler
                0x080007ac                TIM1_CC_IRQHandler
                0x080007ac                TSC_IRQHandler
                0x080007ac                HardFault_Handler
                0x080007ac                TAMP_STAMP_IRQHandler
                0x080007ac                PendSV_Handler
                0x080007ac                NMI_Handler
                0x080007ac                EXTI3_IRQHandler
                0x080007ac                LPTIM2_IRQHandler
                0x080007ac                DFSDM1_FLT1_IRQHandler
                0x080007ac                I2C3_ER_IRQHandler
                0x080007ac                DFSDM1_FLT2_IRQHandler
                0x080007ac                TIM6_DACUNDER_IRQHandler
                0x080007ac                EXTI0_IRQHandler
                0x080007ac                I2C2_EV_IRQHandler
                0x080007ac                DMA2_CH1_IRQHandler
                0x080007ac                CAN1_RX0_IRQHandler
                0x080007ac                TIM1_UP_TIM16_IRQHandler
                0x080007ac                DMA2_CH7_IRQHandler
                0x080007ac                UsageFault_Handler
                0x080007ac                ADC1_2_IRQHandler
                0x080007ac                SPI1_IRQHandler
                0x080007ac                DMA1_CH7_IRQHandler
                0x080007ac                TIM8_UP_IRQHandler
                0x080007ac                RTC_ALARM_IRQHandler
                0x080007ac                SAI2_IRQHandler
                0x080007ac                DFSDM1_FLT3_IRQHandler
                0x080007ac                DMA1_CH6_IRQHandler
                0x080007ac                USART3_IRQHandler
                0x080007ac                CAN1_RX1_IRQHandler
                0x080007ac                LCD_IRQHandler
                0x080007ac                UART5_IRQHandler
                0x080007ac                ADC3_IRQHandler
                0x080007ac                TIM4_IRQHandler
                0x080007ac                QUADSPI_IRQHandler
                0x080007ac                I2C1_EV_IRQHandler
                0x080007ac                DMA2_CH5_IRQHandler
                0x080007ac                UART4_IRQHandler
                0x080007ac                DMA1_CH3_IRQHandler
                0x080007ac                TIM3_IRQHandler
                0x080007ac                RCC_IRQHandler
                0x080007ac                Default_Handler
                0x080007ac                EXTI15_10_IRQHandler
                0x080007ac                TIM7_IRQHandler
                0x080007ac                SDMMC1_IRQHandler
                0x080007ac                TIM5_IRQHandler
                0x080007ac                I2C3_EV_IRQHandler
                0x080007ac                EXTI9_5_IRQHandler
                0x080007ac                DMA1_CH2_IRQHandler
                0x080007ac                RTC_WKUP_IRQHandler
                0x080007ac                PVD_PVM_IRQHandler
                0x080007ac                SPI2_IRQHandler
                0x080007ac                DMA1_CH1_IRQHandler
                0x080007ac                MemManage_Handler
                0x080007ac                CAN1_TX_IRQHandler
                0x080007ac                SVC_Handler
                0x080007ac                EXTI4_IRQHandler
                0x080007ac                RNG_IRQHandler
                0x080007ac                TIM1_TRG_COM_TIM17_IRQHandler
                0x080007ac                COMP_IRQHandler
                0x080007ac                WWDG_IRQHandler
                0x080007ac                LPUART1_IRQHandler
                0x080007ac                TIM2_IRQHandler
                0x080007ac                EXTI1_IRQHandler
                0x080007ac                AES_IRQHandler
                0x080007ac                USART2_IRQHandler
                0x080007ac                DFSDM1_FLT0_IRQHandler
                0x080007ac                I2C2_ER_IRQHandler
                0x080007ac                TIM8_BRK_IRQHandler
                0x080007ac                CAN1_SCE_IRQHandler
                0x080007ac                FLASH_IRQHandler
                0x080007ac                BusFault_Handler
                0x080007ac                USART1_IRQHandler
                0x080007ac                OTG_FS_IRQHandler
                0x080007ac                SPI3_IRQHandler
                0x080007ac                DMA2_CH6_IRQHandler
                0x080007ac                DMA2_CH3_IRQHandler
                0x080007ac                DMA2_CH2_IRQHandler
                0x080007ac                I2C1_ER_IRQHandler
                0x080007ac                FMC_IRQHandler
                0x080007ac                DMA1_CH5_IRQHandler
                0x080007ac                DMA2_CH4_IRQHandler
                0x080007ac                SWPMI1_IRQHandler
                0x080007ac                LPTIM1_IRQHandler
                0x080007ac                SAI1_IRQHandler
                0x080007ac                TIM1_BRK_TIM15_IRQHandler
 .text.memset   0x080007ae       0x10 C:/ST/STM32CubeIDE_2.0.0/STM32CubeIDE/plugins/com.st.stm32cube.ide.mcu.externaltools.gnu-tools-for-stm32.13.3.rel1.win32_1.0.100.202509120712/tools/bin/../lib/gcc/arm-none-eabi/13.3.1/../../../../arm-none-eabi/lib/thumb/v7e-m+fp/hard\libc_nano.a(libc_a-memset.o)
                0x080007ae                memset
 *fill*         0x080007be        0x2 
 .text.__libc_init_array
                0x080007c0       0x48 C:/ST/STM32CubeIDE_2.0.0/STM32CubeIDE/plugins/com.st.stm32cube.ide.mcu.externaltools.gnu-tools-for-stm32.13.3.rel1.win32_1.0.100.202509120712/tools/bin/../lib/gcc/arm-none-eabi/13.3.1/../../../../arm-none-eabi/lib/thumb/v7e-m+fp/hard\libc_nano.a(libc_a-init.o)
                0x080007c0                __libc_init_array
 *(.glue_7)
 .glue_7        0x08000808        0x0 linker stubs
 *(.glue_7t)
 .glue_7t       0x08000808        0x0 linker stubs
 *(.eh_frame)
 .eh_frame      0x08000808        0x0 C:/ST/STM32CubeIDE_2.0.0/STM32CubeIDE/plugins/com.st.stm32cube.ide.mcu.externaltools.gnu-tools-for-stm32.13.3.rel1.win32_1.0.100.202509120712/tools/bin/../lib/gcc/arm-none-eabi/13.3.1/thumb/v7e-m+fp/hard/crtbegin.o
 *(.init)
 .init          0x08000808        0x4 C:/ST/STM32CubeIDE_2.0.0/STM32CubeIDE/plugins/com.st.stm32cube.ide.mcu.externaltools.gnu-tools-for-stm32.13.3.rel1.win32_1.0.100.202509120712/tools/bin/../lib/gcc/arm-none-eabi/13.3.1/thumb/v7e-m+fp/hard/crti.o
                0x08000808                _init
 .init          0x0800080c        0x8 C:/ST/STM32CubeIDE_2.0.0/STM32CubeIDE/plugins/com.st.stm32cube.ide.mcu.externaltools.gnu-tools-for-stm32.13.3.rel1.win32_1.0.100.202509120712/tools/bin/../lib/gcc/arm-none-eabi/13.3.1/thumb/v7e-m+fp/hard/crtn.o
 *(.fini)
 .fini          0x08000814        0x4 C:/ST/STM32CubeIDE_2.0.0/STM32CubeIDE/plugins/com.st.stm32cube.ide.mcu.externaltools.gnu-tools-for-stm32.13.3.rel1.win32_1.0.100.202509120712/tools/bin/../lib/gcc/arm-none-eabi/13.3.1/thumb/v7e-m+fp/hard/crti.o
                0x08000814                _fini
 .fini          0x08000818        0x8 C:/ST/STM32CubeIDE_2.0.0/STM32CubeIDE/plugins/com.st.stm32cube.ide.mcu.externaltools.gnu-tools-for-stm32.13.3.rel1.win32_1.0.100.202509120712/tools/bin/../lib/gcc/arm-none-eabi/13.3.1/thumb/v7e-m+fp/hard/crtn.o
                0x08000820                        . = ALIGN (0x4)
                0x08000820                        _etext = .

.vfp11_veneer   0x08000820        0x0
 .vfp11_veneer  0x08000820        0x0 linker stubs

.v4_bx          0x08000820        0x0
 .v4_bx         0x08000820        0x0 linker stubs

.iplt           0x08000820        0x0
 .iplt          0x08000820        0x0 C:/ST/STM32CubeIDE_2.0.0/STM32CubeIDE/plugins/com.st.stm32cube.ide.mcu.externaltools.gnu-tools-for-stm32.13.3.rel1.win32_1.0.100.202509120712/tools/bin/../lib/gcc/arm-none-eabi/13.3.1/thumb/v7e-m+fp/hard/crtbegin.o

.rodata         0x08000820       0x3c
                0x08000820                        . = ALIGN (0x4)
 *(.rodata)
 .rodata        0x08000820       0x3c ./Src/buzzer_song.o
 *(.rodata*)
                0x0800085c                        . = ALIGN (0x4)

.ARM.extab      0x0800085c        0x0
                0x0800085c                        . = ALIGN (0x4)
 *(.ARM.extab* .gnu.linkonce.armextab.*)
                0x0800085c                        . = ALIGN (0x4)

.ARM            0x0800085c        0x0
                0x0800085c                        . = ALIGN (0x4)
                0x0800085c                        __exidx_start = .
 *(.ARM.exidx*)
                0x0800085c                        __exidx_end = .
                0x0800085c                        . = ALIGN (0x4)

.preinit_array  0x0800085c        0x0
                0x0800085c                        . = ALIGN (0x4)
                0x0800085c                        PROVIDE (__preinit_array_start = .)
 *(.preinit_array*)
                0x0800085c                        PROVIDE (__preinit_array_end = .)
                0x0800085c                        . = ALIGN (0x4)

.init_array     0x0800085c        0x4
                0x0800085c                        . = ALIGN (0x4)
                0x0800085c                        PROVIDE (__init_array_start = .)
 *(SORT_BY_NAME(.init_array.*))
 *(.init_array*)
 .init_array    0x0800085c        0x4 C:/ST/STM32CubeIDE_2.0.0/STM32CubeIDE/plugins/com.st.stm32cube.ide.mcu.externaltools.gnu-tools-for-stm32.13.3.rel1.win32_1.0.100.202509120712/tools/bin/../lib/gcc/arm-none-eabi/13.3.1/thumb/v7e-m+fp/hard/crtbegin.o
                0x08000860                        PROVIDE (__init_array_end = .)
                0x08000860                        . = ALIGN (0x4)

.fini_array     0x08000860        0x4
                0x08000860                        . = ALIGN (0x4)
                [!provide]                        PROVIDE (__fini_array_start = .)
 *(SORT_BY_NAME(.fini_array.*))
 *(.fini_array*)
 .fini_array    0x08000860        0x4 C:/ST/STM32CubeIDE_2.0.0/STM32CubeIDE/plugins/com.st.stm32cube.ide.mcu.externaltools.gnu-tools-for-stm32.13.3.rel1.win32_1.0.100.202509120712/tools/bin/../lib/gcc/arm-none-eabi/13.3.1/thumb/v7e-m+fp/hard/crtbegin.o
                [!provide]                        PROVIDE (__fini_array_end = .)
                0x08000864                        . = ALIGN (0x4)
                0x08000864                        _sidata = LOADADDR (.data)

.rel.dyn        0x08000864        0x0
 .rel.iplt      0x08000864        0x0 C:/ST/STM32CubeIDE_2.0.0/STM32CubeIDE/plugins/com.st.stm32cube.ide.mcu.externaltools.gnu-tools-for-stm32.13.3.rel1.win32_1.0.100.202509120712/tools/bin/../lib/gcc/arm-none-eabi/13.3.1/thumb/v7e-m+fp/hard/crtbegin.o

.data           0x20000000        0x0 load address 0x08000864
                0x20000000                        . = ALIGN (0x4)
                0x20000000                        _sdata = .
 *(.data)
 *(.data*)
 *(.RamFunc)
 *(.RamFunc*)
                0x20000000                        . = ALIGN (0x4)
                0x20000000                        _edata = .
                0x08000864                        _sisram2 = LOADADDR (.sram2)

.igot.plt       0x20000000        0x0 load address 0x08000864
 .igot.plt      0x20000000        0x0 C:/ST/STM32CubeIDE_2.0.0/STM32CubeIDE/plugins/com.st.stm32cube.ide.mcu.externaltools.gnu-tools-for-stm32.13.3.rel1.win32_1.0.100.202509120712/tools/bin/../lib/gcc/arm-none-eabi/13.3.1/thumb/v7e-m+fp/hard/crtbegin.o

.sram2          0x10000000        0x0 load address 0x08000864
                0x10000000                        . = ALIGN (0x4)
                0x10000000                        _ssram2 = .
 *(.sram2)
 *(.sram2*)
                0x10000000                        . = ALIGN (0x4)
                0x10000000                        _esram2 = .
                0x10000000                        . = ALIGN (0x4)

.bss            0x20000000       0x30
                0x20000000                        _sbss = .
                0x20000000                        __bss_start__ = _sbss
 *(.bss)
 .bss           0x20000000       0x1c C:/ST/STM32CubeIDE_2.0.0/STM32CubeIDE/plugins/com.st.stm32cube.ide.mcu.externaltools.gnu-tools-for-stm32.13.3.rel1.win32_1.0.100.202509120712/tools/bin/../lib/gcc/arm-none-eabi/13.3.1/thumb/v7e-m+fp/hard/crtbegin.o
 *(.bss*)
 .bss.note_index.3
                0x2000001c        0x1 ./Src/buzzer_song.o
 .bss._state.2  0x2000001d        0x1 ./Src/buzzer_song.o
 *fill*         0x2000001e        0x2 
 .bss.toggles_left.1
                0x20000020        0x4 ./Src/buzzer_song.o
 .bss.last_edge_toggle.0
                0x20000024        0x4 ./Src/buzzer_song.o
 .bss.prevMicros.0
                0x20000028        0x4 ./Src/led.o
 .bss.sys_us    0x2000002c        0x4 ./Src/system_clock.o
                0x2000002c                sys_us
 *(COMMON)
                0x20000030                        . = ALIGN (0x4)
                0x20000030                        _ebss = .
                0x20000030                        __bss_end__ = _ebss

._user_heap_stack
                0x20000030      0x600
                0x20000030                        . = ALIGN (0x8)
                [!provide]                        PROVIDE (end = .)
                0x20000030                        PROVIDE (_end = .)
                0x20000230                        . = (. + _Min_Heap_Size)
 *fill*         0x20000030      0x200 
                0x20000630                        . = (. + _Min_Stack_Size)
 *fill*         0x20000230      0x400 
                0x20000630                        . = ALIGN (0x8)

/DISCARD/
 libc.a(*)
 libm.a(*)
 libgcc.a(*)

.ARM.attributes
                0x00000000       0x30
 *(.ARM.attributes)
 .ARM.attributes
                0x00000000       0x22 C:/ST/STM32CubeIDE_2.0.0/STM32CubeIDE/plugins/com.st.stm32cube.ide.mcu.externaltools.gnu-tools-for-stm32.13.3.rel1.win32_1.0.100.202509120712/tools/bin/../lib/gcc/arm-none-eabi/13.3.1/thumb/v7e-m+fp/hard/crti.o
 .ARM.attributes
                0x00000022       0x34 C:/ST/STM32CubeIDE_2.0.0/STM32CubeIDE/plugins/com.st.stm32cube.ide.mcu.externaltools.gnu-tools-for-stm32.13.3.rel1.win32_1.0.100.202509120712/tools/bin/../lib/gcc/arm-none-eabi/13.3.1/thumb/v7e-m+fp/hard/crtbegin.o
 .ARM.attributes
                0x00000056       0x34 ./Src/buzzer_song.o
 .ARM.attributes
                0x0000008a       0x34 ./Src/led.o
 .ARM.attributes
                0x000000be       0x34 ./Src/main.o
 .ARM.attributes
                0x000000f2       0x34 ./Src/system_clock.o
 .ARM.attributes
                0x00000126       0x21 ./Startup/startup_stm32l476rgtx.o
 .ARM.attributes
                0x00000147       0x34 C:/ST/STM32CubeIDE_2.0.0/STM32CubeIDE/plugins/com.st.stm32cube.ide.mcu.externaltools.gnu-tools-for-stm32.13.3.rel1.win32_1.0.100.202509120712/tools/bin/../lib/gcc/arm-none-eabi/13.3.1/../../../../arm-none-eabi/lib/thumb/v7e-m+fp/hard\libc_nano.a(libc_a-memset.o)
 .ARM.attributes
                0x0000017b       0x34 C:/ST/STM32CubeIDE_2.0.0/STM32CubeIDE/plugins/com.st.stm32cube.ide.mcu.externaltools.gnu-tools-for-stm32.13.3.rel1.win32_1.0.100.202509120712/tools/bin/../lib/gcc/arm-none-eabi/13.3.1/../../../../arm-none-eabi/lib/thumb/v7e-m+fp/hard\libc_nano.a(libc_a-init.o)
 .ARM.attributes
                0x000001af       0x22 C:/ST/STM32CubeIDE_2.0.0/STM32CubeIDE/plugins/com.st.stm32cube.ide.mcu.externaltools.gnu-tools-for-stm32.13.3.rel1.win32_1.0.100.202509120712/tools/bin/../lib/gcc/arm-none-eabi/13.3.1/thumb/v7e-m+fp/hard/crtn.o
OUTPUT(jtLab3Proj.elf elf32-littlearm)
LOAD linker stubs
LOAD C:/ST/STM32CubeIDE_2.0.0/STM32CubeIDE/plugins/com.st.stm32cube.ide.mcu.externaltools.gnu-tools-for-stm32.13.3.rel1.win32_1.0.100.202509120712/tools/bin/../lib/gcc/arm-none-eabi/13.3.1/../../../../arm-none-eabi/lib/thumb/v7e-m+fp/hard\libc.a
LOAD C:/ST/STM32CubeIDE_2.0.0/STM32CubeIDE/plugins/com.st.stm32cube.ide.mcu.externaltools.gnu-tools-for-stm32.13.3.rel1.win32_1.0.100.202509120712/tools/bin/../lib/gcc/arm-none-eabi/13.3.1/../../../../arm-none-eabi/lib/thumb/v7e-m+fp/hard\libm.a
LOAD C:/ST/STM32CubeIDE_2.0.0/STM32CubeIDE/plugins/com.st.stm32cube.ide.mcu.externaltools.gnu-tools-for-stm32.13.3.rel1.win32_1.0.100.202509120712/tools/bin/../lib/gcc/arm-none-eabi/13.3.1/thumb/v7e-m+fp/hard\libgcc.a

.debug_info     0x00000000     0x1406
 .debug_info    0x00000000      0x4c4 ./Src/buzzer_song.o
 .debug_info    0x000004c4      0x38a ./Src/led.o
 .debug_info    0x0000084e      0x169 ./Src/main.o
 .debug_info    0x000009b7      0xa1f ./Src/system_clock.o
 .debug_info    0x000013d6       0x30 ./Startup/startup_stm32l476rgtx.o

.debug_abbrev   0x00000000      0x4d9
 .debug_abbrev  0x00000000      0x171 ./Src/buzzer_song.o
 .debug_abbrev  0x00000171       0xff ./Src/led.o
 .debug_abbrev  0x00000270       0x7e ./Src/main.o
 .debug_abbrev  0x000002ee      0x1c7 ./Src/system_clock.o
 .debug_abbrev  0x000004b5       0x24 ./Startup/startup_stm32l476rgtx.o

.debug_aranges  0x00000000       0xd8
 .debug_aranges
                0x00000000       0x28 ./Src/buzzer_song.o
 .debug_aranges
                0x00000028       0x28 ./Src/led.o
 .debug_aranges
                0x00000050       0x20 ./Src/main.o
 .debug_aranges
                0x00000070       0x40 ./Src/system_clock.o
 .debug_aranges
                0x000000b0       0x28 ./Startup/startup_stm32l476rgtx.o

.debug_rnglists
                0x00000000       0x8b
 .debug_rnglists
                0x00000000       0x1a ./Src/buzzer_song.o
 .debug_rnglists
                0x0000001a       0x19 ./Src/led.o
 .debug_rnglists
                0x00000033       0x13 ./Src/main.o
 .debug_rnglists
                0x00000046       0x2c ./Src/system_clock.o
 .debug_rnglists
                0x00000072       0x19 ./Startup/startup_stm32l476rgtx.o

.debug_macro    0x00000000    0x1d22a
 .debug_macro   0x00000000       0xbf ./Src/buzzer_song.o
 .debug_macro   0x000000bf      0xae4 ./Src/buzzer_song.o
 .debug_macro   0x00000ba3       0x28 ./Src/buzzer_song.o
 .debug_macro   0x00000bcb       0x22 ./Src/buzzer_song.o
 .debug_macro   0x00000bed       0x8e ./Src/buzzer_song.o
 .debug_macro   0x00000c7b       0x51 ./Src/buzzer_song.o
 .debug_macro   0x00000ccc      0x103 ./Src/buzzer_song.o
 .debug_macro   0x00000dcf       0x6a ./Src/buzzer_song.o
 .debug_macro   0x00000e39      0x1df ./Src/buzzer_song.o
 .debug_macro   0x00001018       0x1c ./Src/buzzer_song.o
 .debug_macro   0x00001034       0x22 ./Src/buzzer_song.o
 .debug_macro   0x00001056       0xfb ./Src/buzzer_song.o
 .debug_macro   0x00001151     0x1011 ./Src/buzzer_song.o
 .debug_macro   0x00002162      0x11f ./Src/buzzer_song.o
 .debug_macro   0x00002281    0x1a17a ./Src/buzzer_song.o
 .debug_macro   0x0001c3fb       0xbf ./Src/led.o
 .debug_macro   0x0001c4ba      0x19c ./Src/main.o
 .debug_macro   0x0001c656       0x61 ./Src/main.o
 .debug_macro   0x0001c6b7       0x2a ./Src/main.o
 .debug_macro   0x0001c6e1       0x43 ./Src/main.o
 .debug_macro   0x0001c724       0x34 ./Src/main.o
 .debug_macro   0x0001c758       0x16 ./Src/main.o
 .debug_macro   0x0001c76e       0x9e ./Src/main.o
 .debug_macro   0x0001c80c      0x370 ./Src/main.o
 .debug_macro   0x0001cb7c      0x112 ./Src/main.o
 .debug_macro   0x0001cc8e       0x10 ./Src/main.o
 .debug_macro   0x0001cc9e       0x16 ./Src/main.o
 .debug_macro   0x0001ccb4       0x4a ./Src/main.o
 .debug_macro   0x0001ccfe       0x34 ./Src/main.o
 .debug_macro   0x0001cd32       0x10 ./Src/main.o
 .debug_macro   0x0001cd42       0x58 ./Src/main.o
 .debug_macro   0x0001cd9a       0x8e ./Src/main.o
 .debug_macro   0x0001ce28       0x1c ./Src/main.o
 .debug_macro   0x0001ce44      0x185 ./Src/main.o
 .debug_macro   0x0001cfc9       0x16 ./Src/main.o
 .debug_macro   0x0001cfdf       0x16 ./Src/main.o
 .debug_macro   0x0001cff5      0x146 ./Src/main.o
 .debug_macro   0x0001d13b       0xef ./Src/system_clock.o

.debug_line     0x00000000     0x16b3
 .debug_line    0x00000000      0x577 ./Src/buzzer_song.o
 .debug_line    0x00000577      0x4c7 ./Src/led.o
 .debug_line    0x00000a3e      0x5f2 ./Src/main.o
 .debug_line    0x00001030      0x608 ./Src/system_clock.o
 .debug_line    0x00001638       0x7b ./Startup/startup_stm32l476rgtx.o

.debug_str      0x00000000    0xa2489
 .debug_str     0x00000000    0xa2489 ./Src/buzzer_song.o
                              0x9e4f8 (size before relaxing)
 .debug_str     0x000a2489        0x0 ./Src/led.o
                              0x9e450 (size before relaxing)
 .debug_str     0x000a2489        0x0 ./Src/main.o
                              0xa1df3 (size before relaxing)
 .debug_str     0x000a2489        0x0 ./Src/system_clock.o
                              0x9eaa2 (size before relaxing)
 .debug_str     0x000a2489        0x0 ./Startup/startup_stm32l476rgtx.o
                                 0xa0 (size before relaxing)

.comment        0x00000000       0x43
 .comment       0x00000000       0x43 ./Src/buzzer_song.o
                                 0x44 (size before relaxing)
 .comment       0x00000043        0x0 ./Src/led.o
                                 0x44 (size before relaxing)
 .comment       0x00000043        0x0 ./Src/main.o
                                 0x44 (size before relaxing)
 .comment       0x00000043        0x0 ./Src/system_clock.o
                                 0x44 (size before relaxing)

.debug_frame    0x00000000      0x1ec
 .debug_frame   0x00000000       0x5c ./Src/buzzer_song.o
 .debug_frame   0x0000005c       0x54 ./Src/led.o
 .debug_frame   0x000000b0       0x2c ./Src/main.o
 .debug_frame   0x000000dc       0xc4 ./Src/system_clock.o
 .debug_frame   0x000001a0       0x20 C:/ST/STM32CubeIDE_2.0.0/STM32CubeIDE/plugins/com.st.stm32cube.ide.mcu.externaltools.gnu-tools-for-stm32.13.3.rel1.win32_1.0.100.202509120712/tools/bin/../lib/gcc/arm-none-eabi/13.3.1/../../../../arm-none-eabi/lib/thumb/v7e-m+fp/hard\libc_nano.a(libc_a-memset.o)
 .debug_frame   0x000001c0       0x2c C:/ST/STM32CubeIDE_2.0.0/STM32CubeIDE/plugins/com.st.stm32cube.ide.mcu.externaltools.gnu-tools-for-stm32.13.3.rel1.win32_1.0.100.202509120712/tools/bin/../lib/gcc/arm-none-eabi/13.3.1/../../../../arm-none-eabi/lib/thumb/v7e-m+fp/hard\libc_nano.a(libc_a-init.o)

.debug_line_str
                0x00000000       0x84
 .debug_line_str
                0x00000000       0x84 ./Startup/startup_stm32l476rgtx.o
