Archive member included to satisfy reference by file (symbol)

C:/ST/STM32CubeIDE_2.0.0/STM32CubeIDE/plugins/com.st.stm32cube.ide.mcu.externaltools.gnu-tools-for-stm32.13.3.rel1.win32_1.0.100.202509120712/tools/bin/../lib/gcc/arm-none-eabi/13.3.1/../../../../arm-none-eabi/lib/thumb/v7e-m+fp/hard\libc_nano.a(libc_a-exit.o)
                              C:/ST/STM32CubeIDE_2.0.0/STM32CubeIDE/plugins/com.st.stm32cube.ide.mcu.externaltools.gnu-tools-for-stm32.13.3.rel1.win32_1.0.100.202509120712/tools/bin/../lib/gcc/arm-none-eabi/13.3.1/../../../../arm-none-eabi/lib/thumb/v7e-m+fp/hard/crt0.o (exit)
C:/ST/STM32CubeIDE_2.0.0/STM32CubeIDE/plugins/com.st.stm32cube.ide.mcu.externaltools.gnu-tools-for-stm32.13.3.rel1.win32_1.0.100.202509120712/tools/bin/../lib/gcc/arm-none-eabi/13.3.1/../../../../arm-none-eabi/lib/thumb/v7e-m+fp/hard\libc_nano.a(libc_a-findfp.o)
                              C:/ST/STM32CubeIDE_2.0.0/STM32CubeIDE/plugins/com.st.stm32cube.ide.mcu.externaltools.gnu-tools-for-stm32.13.3.rel1.win32_1.0.100.202509120712/tools/bin/../lib/gcc/arm-none-eabi/13.3.1/../../../../arm-none-eabi/lib/thumb/v7e-m+fp/hard\libc_nano.a(libc_a-exit.o) (__stdio_exit_handler)
C:/ST/STM32CubeIDE_2.0.0/STM32CubeIDE/plugins/com.st.stm32cube.ide.mcu.externaltools.gnu-tools-for-stm32.13.3.rel1.win32_1.0.100.202509120712/tools/bin/../lib/gcc/arm-none-eabi/13.3.1/../../../../arm-none-eabi/lib/thumb/v7e-m+fp/hard\libc_nano.a(libc_a-fwalk.o)
                              C:/ST/STM32CubeIDE_2.0.0/STM32CubeIDE/plugins/com.st.stm32cube.ide.mcu.externaltools.gnu-tools-for-stm32.13.3.rel1.win32_1.0.100.202509120712/tools/bin/../lib/gcc/arm-none-eabi/13.3.1/../../../../arm-none-eabi/lib/thumb/v7e-m+fp/hard\libc_nano.a(libc_a-findfp.o) (_fwalk_sglue)
C:/ST/STM32CubeIDE_2.0.0/STM32CubeIDE/plugins/com.st.stm32cube.ide.mcu.externaltools.gnu-tools-for-stm32.13.3.rel1.win32_1.0.100.202509120712/tools/bin/../lib/gcc/arm-none-eabi/13.3.1/../../../../arm-none-eabi/lib/thumb/v7e-m+fp/hard\libc_nano.a(libc_a-stdio.o)
                              C:/ST/STM32CubeIDE_2.0.0/STM32CubeIDE/plugins/com.st.stm32cube.ide.mcu.externaltools.gnu-tools-for-stm32.13.3.rel1.win32_1.0.100.202509120712/tools/bin/../lib/gcc/arm-none-eabi/13.3.1/../../../../arm-none-eabi/lib/thumb/v7e-m+fp/hard\libc_nano.a(libc_a-findfp.o) (__sread)
C:/ST/STM32CubeIDE_2.0.0/STM32CubeIDE/plugins/com.st.stm32cube.ide.mcu.externaltools.gnu-tools-for-stm32.13.3.rel1.win32_1.0.100.202509120712/tools/bin/../lib/gcc/arm-none-eabi/13.3.1/../../../../arm-none-eabi/lib/thumb/v7e-m+fp/hard\libc_nano.a(libc_a-memset.o)
                              C:/ST/STM32CubeIDE_2.0.0/STM32CubeIDE/plugins/com.st.stm32cube.ide.mcu.externaltools.gnu-tools-for-stm32.13.3.rel1.win32_1.0.100.202509120712/tools/bin/../lib/gcc/arm-none-eabi/13.3.1/../../../../arm-none-eabi/lib/thumb/v7e-m+fp/hard/crt0.o (memset)
C:/ST/STM32CubeIDE_2.0.0/STM32CubeIDE/plugins/com.st.stm32cube.ide.mcu.externaltools.gnu-tools-for-stm32.13.3.rel1.win32_1.0.100.202509120712/tools/bin/../lib/gcc/arm-none-eabi/13.3.1/../../../../arm-none-eabi/lib/thumb/v7e-m+fp/hard\libc_nano.a(libc_a-closer.o)
                              C:/ST/STM32CubeIDE_2.0.0/STM32CubeIDE/plugins/com.st.stm32cube.ide.mcu.externaltools.gnu-tools-for-stm32.13.3.rel1.win32_1.0.100.202509120712/tools/bin/../lib/gcc/arm-none-eabi/13.3.1/../../../../arm-none-eabi/lib/thumb/v7e-m+fp/hard\libc_nano.a(libc_a-stdio.o) (_close_r)
C:/ST/STM32CubeIDE_2.0.0/STM32CubeIDE/plugins/com.st.stm32cube.ide.mcu.externaltools.gnu-tools-for-stm32.13.3.rel1.win32_1.0.100.202509120712/tools/bin/../lib/gcc/arm-none-eabi/13.3.1/../../../../arm-none-eabi/lib/thumb/v7e-m+fp/hard\libc_nano.a(libc_a-reent.o)
                              C:/ST/STM32CubeIDE_2.0.0/STM32CubeIDE/plugins/com.st.stm32cube.ide.mcu.externaltools.gnu-tools-for-stm32.13.3.rel1.win32_1.0.100.202509120712/tools/bin/../lib/gcc/arm-none-eabi/13.3.1/../../../../arm-none-eabi/lib/thumb/v7e-m+fp/hard\libc_nano.a(libc_a-closer.o) (errno)
C:/ST/STM32CubeIDE_2.0.0/STM32CubeIDE/plugins/com.st.stm32cube.ide.mcu.externaltools.gnu-tools-for-stm32.13.3.rel1.win32_1.0.100.202509120712/tools/bin/../lib/gcc/arm-none-eabi/13.3.1/../../../../arm-none-eabi/lib/thumb/v7e-m+fp/hard\libc_nano.a(libc_a-impure.o)
                              C:/ST/STM32CubeIDE_2.0.0/STM32CubeIDE/plugins/com.st.stm32cube.ide.mcu.externaltools.gnu-tools-for-stm32.13.3.rel1.win32_1.0.100.202509120712/tools/bin/../lib/gcc/arm-none-eabi/13.3.1/../../../../arm-none-eabi/lib/thumb/v7e-m+fp/hard\libc_nano.a(libc_a-reent.o) (_impure_ptr)
C:/ST/STM32CubeIDE_2.0.0/STM32CubeIDE/plugins/com.st.stm32cube.ide.mcu.externaltools.gnu-tools-for-stm32.13.3.rel1.win32_1.0.100.202509120712/tools/bin/../lib/gcc/arm-none-eabi/13.3.1/../../../../arm-none-eabi/lib/thumb/v7e-m+fp/hard\libc_nano.a(libc_a-lseekr.o)
[...]
Memory Configuration

Name             Origin             Length             Attributes
RAM              0x20000000         0x00018000         xrw
SRAM2            0x10000000         0x00008000         xrw
FLASH            0x08000000         0x00100000         xr
*default*        0x00000000         0xffffffff

Linker script and memory map

LOAD C:/ST/STM32CubeIDE_2.0.0/STM32CubeIDE/plugins/com.st.stm32cube.ide.mcu.externaltools.gnu-tools-for-stm32.13.3.rel1.win32_1.0.100.202509120712/tools/bin/../lib/gcc/arm-none-eabi/13.3.1/thumb/v7e-m+fp/hard/crti.o
LOAD C:/ST/STM32CubeIDE_2.0.0/STM32CubeIDE/plugins/com.st.stm32cube.ide.mcu.externaltools.gnu-tools-for-stm32.13.3.rel1.win32_1.0.100.202509120712/tools/bin/../lib/gcc/arm-none-eabi/13.3.1/thumb/v7e-m+fp/hard/crtbegin.o
LOAD C:/ST/STM32CubeIDE_2.0.0/STM32CubeIDE/plugins/com.st.stm32cube.ide.mcu.externaltools.gnu-tools-for-stm32.13.3.rel1.win32_1.0.100.202509120712/tools/bin/../lib/gcc/arm-none-eabi/13.3.1/../../../../arm-none-eabi/lib/thumb/v7e-m+fp/hard/crt0.o
LOAD ./Src/ADC.o
LOAD ./Src/DMA.o
LOAD ./Src/GPIO.o
LOAD ./Src/TIM2.o
LOAD ./Src/main.o
LOAD ./Src/mortalKombatLogo.o
LOAD ./Src/ssd1306_fonts.o
LOAD ./Src/ssd1306_nohal.o
LOAD ./Src/syscalls.o
LOAD ./Src/sysmem.o
LOAD ./Src/system_clock.o
LOAD ./Src/themeSong.o
LOAD ./Startup/startup_stm32l476rgtx.o
START GROUP
LOAD C:/ST/STM32CubeIDE_2.0.0/STM32CubeIDE/plugins/com.st.stm32cube.ide.mcu.externaltools.gnu-tools-for-stm32.13.3.rel1.win32_1.0.100.202509120712/tools/bin/../lib/gcc/arm-none-eabi/13.3.1/../../../../arm-none-eabi/lib/thumb/v7e-m+fp/hard\libc_nano.a
LOAD C:/ST/STM32CubeIDE_2.0.0/STM32CubeIDE/plugins/com.st.stm32cube.ide.mcu.externaltools.gnu-tools-for-stm32.13.3.rel1.win32_1.0.100.202509120712/tools/bin/../lib/gcc/arm-none-eabi/13.3.1/../../../../arm-none-eabi/lib/thumb/v7e-m+fp/hard\libm.a
END GROUP
START GROUP
LOAD C:/ST/STM32CubeIDE_2.0.0/STM32CubeIDE/plugins/com.st.stm32cube.ide.mcu.externaltools.gnu-tools-for-stm32.13.3.rel1.win32_1.0.100.202509120712/tools/bin/../lib/gcc/arm-none-eabi/13.3.1/thumb/v7e-m+fp/hard\libgcc.a
LOAD C:/ST/STM32CubeIDE_2.0.0/STM32CubeIDE/plugins/com.st.stm32cube.ide.mcu.externaltools.gnu-tools-for-stm32.13.3.rel1.win32_1.0.100.202509120712/tools/bin/../lib/gcc/arm-none-eabi/13.3.1/../../../../arm-none-eabi/lib/thumb/v7e-m+fp/hard\libc_nano.a
END GROUP
START GROUP
LOAD C:/ST/STM32CubeIDE_2.0.0/STM32CubeIDE/plugins/com.st.stm32cube.ide.mcu.externaltools.gnu-tools-for-stm32.13.3.rel1.win32_1.0.100.202509120712/tools/bin/../lib/gcc/arm-none-eabi/13.3.1/thumb/v7e-m+fp/hard\libgcc.a
LOAD C:/ST/STM32CubeIDE_2.0.0/STM32CubeIDE/plugins/com.st.stm32cube.ide.mcu.externaltools.gnu-tools-for-stm32.13.3.rel1.win32_1.0.100.202509120712/tools/bin/../lib/gcc/arm-none-eabi/13.3.1/../../../../arm-none-eabi/lib/thumb/v7e-m+fp/hard\libc_nano.a
LOAD C:/ST/STM32CubeIDE_2.0.0/STM32CubeIDE/plugins/com.st.stm32cube.ide.mcu.externaltools.gnu-tools-for-stm32.13.3.rel1.win32_1.0.100.202509120712/tools/bin/../lib/gcc/arm-none-eabi/13.3.1/../../../../arm-none-eabi/lib/thumb/v7e-m+fp/hard\libnosys.a
END GROUP
START GROUP
LOAD C:/ST/STM32CubeIDE_2.0.0/STM32CubeIDE/plugins/com.st.stm32cube.ide.mcu.externaltools.gnu-tools-for-stm32.13.3.rel1.win32_1.0.100.202509120712/tools/bin/../lib/gcc/arm-none-eabi/13.3.1/thumb/v7e-m+fp/hard\libgcc.a
LOAD C:/ST/STM32CubeIDE_2.0.0/STM32CubeIDE/plugins/com.st.stm32cube.ide.mcu.externaltools.gnu-tools-for-stm32.13.3.rel1.win32_1.0.100.202509120712/tools/bin/../lib/gcc/arm-none-eabi/13.3.1/../../../../arm-none-eabi/lib/thumb/v7e-m+fp/hard\libc_nano.a
LOAD C:/ST/STM32CubeIDE_2.0.0/STM32CubeIDE/plugins/com.st.stm32cube.ide.mcu.externaltools.gnu-tools-for-stm32.13.3.rel1.win32_1.0.100.202509120712/tools/bin/../lib/gcc/arm-none-eabi/13.3.1/../../../../arm-none-eabi/lib/thumb/v7e-m+fp/hard\libnosys.a
END GROUP
LOAD C:/ST/STM32CubeIDE_2.0.0/STM32CubeIDE/plugins/com.st.stm32cube.ide.mcu.externaltools.gnu-tools-for-stm32.13.3.rel1.win32_1.0.100.202509120712/tools/bin/../lib/gcc/arm-none-eabi/13.3.1/thumb/v7e-m+fp/hard/crtend.o
LOAD C:/ST/STM32CubeIDE_2.0.0/STM32CubeIDE/plugins/com.st.stm32cube.ide.mcu.externaltools.gnu-tools-for-stm32.13.3.rel1.win32_1.0.100.202509120712/tools/bin/../lib/gcc/arm-none-eabi/13.3.1/thumb/v7e-m+fp/hard/crtn.o
                0x20018000                        _estack = (ORIGIN (RAM) + LENGTH (RAM))
                0x00000200                        _Min_Heap_Size = 0x200
                0x00000400                        _Min_Stack_Size = 0x400

.isr_vector     0x08000000      0x184
                0x08000000                        . = ALIGN (0x4)
 *(.isr_vector)
 .isr_vector    0x08000000      0x184 ./Startup/startup_stm32l476rgtx.o
                0x08000000                g_pfnVectors
                0x08000184                        . = ALIGN (0x4)

.text           0x08000184     0x130c
                0x08000184                        . = ALIGN (0x4)
 *(.text)
 .text          0x08000184       0x40 C:/ST/STM32CubeIDE_2.0.0/STM32CubeIDE/plugins/com.st.stm32cube.ide.mcu.externaltools.gnu-tools-for-stm32.13.3.rel1.win32_1.0.100.202509120712/tools/bin/../lib/gcc/arm-none-eabi/13.3.1/thumb/v7e-m+fp/hard/crtbegin.o
 *(.text*)
 .text.controller_Init
                0x080001c4       0x60 ./Src/GPIO.o
                0x080001c4                controller_Init
 .text.__NVIC_EnableIRQ
                0x08000224       0x3c ./Src/TIM2.o
 .text.BUZZER_PIN_INIT
                0x08000260       0x60 ./Src/TIM2.o
                0x08000260                BUZZER_PIN_INIT
 .text.TIM2_Init
                0x080002c0       0xac ./Src/TIM2.o
                0x080002c0                TIM2_Init
 .text.TIM3_Init
                0x0800036c       0x4c ./Src/TIM2.o
                0x0800036c                TIM3_Init
 .text.TIM3_IRQHandler
                0x080003b8       0x74 ./Src/TIM2.o
                0x080003b8                TIM3_IRQHandler
 .text.main     0x0800042c      0x174 ./Src/main.o
                0x0800042c                main
 .text.I2C_Init
                0x080005a0       0xb8 ./Src/main.o
                0x080005a0                I2C_Init
 .text.draw_Player1
                0x08000658      0x114 ./Src/main.o
                0x08000658                draw_Player1
 .text.draw_Player2
                0x0800076c       0x70 ./Src/main.o
                0x0800076c                draw_Player2
 .text.i2c_mem_write
                0x080007dc       0xa0 ./Src/ssd1306_nohal.o
 .text.ssd1306_WriteCommand
                0x0800087c       0x1e ./Src/ssd1306_nohal.o
                0x0800087c                ssd1306_WriteCommand
 .text.ssd1306_WriteData
                0x0800089a       0x20 ./Src/ssd1306_nohal.o
                0x0800089a                ssd1306_WriteData
 *fill*         0x080008ba        0x2 
 .text.ssd1306_Init
                0x080008bc       0xcc ./Src/ssd1306_nohal.o
                0x080008bc                ssd1306_Init
 .text.ssd1306_Fill
                0x08000988       0x30 ./Src/ssd1306_nohal.o
                0x08000988                ssd1306_Fill
 .text.ssd1306_UpdateScreen
                0x080009b8       0x50 ./Src/ssd1306_nohal.o
                0x080009b8                ssd1306_UpdateScreen
 .text.ssd1306_DrawPixel
                0x08000a08       0xa8 ./Src/ssd1306_nohal.o
                0x08000a08                ssd1306_DrawPixel
 .text.ssd1306_WriteChar
                0x08000ab0      0x120 ./Src/ssd1306_nohal.o
                0x08000ab0                ssd1306_WriteChar
 .text.ssd1306_WriteString
                0x08000bd0       0x4c ./Src/ssd1306_nohal.o
                0x08000bd0                ssd1306_WriteString
 .text.ssd1306_SetCursor
                0x08000c1c       0x30 ./Src/ssd1306_nohal.o
                0x08000c1c                ssd1306_SetCursor
 .text.ssd1306_Line
                0x08000c4c       0xd8 ./Src/ssd1306_nohal.o
                0x08000c4c                ssd1306_Line
 .text.ssd1306_DrawRectangle
                0x08000d24       0x6e ./Src/ssd1306_nohal.o
                0x08000d24                ssd1306_DrawRectangle
 .text.ssd1306_DrawBitmap
                0x08000d92       0xb6 ./Src/ssd1306_nohal.o
                0x08000d92                ssd1306_DrawBitmap
 .text.ssd1306_SetContrast
                0x08000e48       0x26 ./Src/ssd1306_nohal.o
                0x08000e48                ssd1306_SetContrast
 *fill*         0x08000e6e        0x2 
 .text.ssd1306_SetDisplayOn
                0x08000e70       0x3c ./Src/ssd1306_nohal.o
                0x08000e70                ssd1306_SetDisplayOn
 .text.__NVIC_SetPriority
                0x08000eac       0x54 ./Src/system_clock.o
 .text.System_Clock_Init
                0x08000f00      0x11c ./Src/system_clock.o
                0x08000f00                System_Clock_Init
 .text.SysTick_Initialize
                0x0800101c       0x58 ./Src/system_clock.o
                0x0800101c                SysTick_Initialize
 .text.SysTick_Handler
                0x08001074       0x1c ./Src/system_clock.o
                0x08001074                SysTick_Handler
 .text.playSong
                0x08001090      0x33c ./Src/themeSong.o
                0x08001090                playSong
 .text.Reset_Handler
                0x080013cc       0x50 ./Startup/startup_stm32l476rgtx.o
                0x080013cc                Reset_Handler
 .text.Default_Handler
                0x0800141c        0x2 ./Startup/startup_stm32l476rgtx.o
                0x0800141c                EXTI2_IRQHandler
                0x0800141c                TIM8_TRG_COM_IRQHandler
                0x0800141c                TIM8_CC_IRQHandler
                0x0800141c                DebugMon_Handler
                0x0800141c                DMA1_CH4_IRQHandler
                0x0800141c                TIM1_CC_IRQHandler
                0x0800141c                TSC_IRQHandler
                0x0800141c                HardFault_Handler
                0x0800141c                TAMP_STAMP_IRQHandler
                0x0800141c                PendSV_Handler
                0x0800141c                NMI_Handler
                0x0800141c                EXTI3_IRQHandler
                0x0800141c                LPTIM2_IRQHandler
                0x0800141c                DFSDM1_FLT1_IRQHandler
                0x0800141c                I2C3_ER_IRQHandler
                0x0800141c                DFSDM1_FLT2_IRQHandler
                0x0800141c                TIM6_DACUNDER_IRQHandler
                0x0800141c                EXTI0_IRQHandler
                0x0800141c                I2C2_EV_IRQHandler
                0x0800141c                DMA2_CH1_IRQHandler
                0x0800141c                CAN1_RX0_IRQHandler
                0x0800141c                TIM1_UP_TIM16_IRQHandler
                0x0800141c                DMA2_CH7_IRQHandler
                0x0800141c                UsageFault_Handler
                0x0800141c                ADC1_2_IRQHandler
                0x0800141c                SPI1_IRQHandler
                0x0800141c                DMA1_CH7_IRQHandler
                0x0800141c                TIM8_UP_IRQHandler
                0x0800141c                RTC_ALARM_IRQHandler
                0x0800141c                SAI2_IRQHandler
                0x0800141c                DFSDM1_FLT3_IRQHandler
                0x0800141c                DMA1_CH6_IRQHandler
                0x0800141c                USART3_IRQHandler
                0x0800141c                CAN1_RX1_IRQHandler
                0x0800141c                LCD_IRQHandler
                0x0800141c                UART5_IRQHandler
                0x0800141c                ADC3_IRQHandler
                0x0800141c                TIM4_IRQHandler
                0x0800141c                QUADSPI_IRQHandler
                0x0800141c                I2C1_EV_IRQHandler
                0x0800141c                DMA2_CH5_IRQHandler
                0x0800141c                UART4_IRQHandler
                0x0800141c                DMA1_CH3_IRQHandler
                0x0800141c                RCC_IRQHandler
                0x0800141c                Default_Handler
                0x0800141c                EXTI15_10_IRQHandler
                0x0800141c                TIM7_IRQHandler
                0x0800141c                SDMMC1_IRQHandler
                0x0800141c                TIM5_IRQHandler
                0x0800141c                I2C3_EV_IRQHandler
                0x0800141c                EXTI9_5_IRQHandler
                0x0800141c                DMA1_CH2_IRQHandler
                0x0800141c                RTC_WKUP_IRQHandler
                0x0800141c                PVD_PVM_IRQHandler
                0x0800141c                SPI2_IRQHandler
                0x0800141c                DMA1_CH1_IRQHandler
                0x0800141c                MemManage_Handler
                0x0800141c                CAN1_TX_IRQHandler
                0x0800141c                SVC_Handler
                0x0800141c                EXTI4_IRQHandler
                0x0800141c                RNG_IRQHandler
                0x0800141c                TIM1_TRG_COM_TIM17_IRQHandler
                0x0800141c                COMP_IRQHandler
                0x0800141c                WWDG_IRQHandler
                0x0800141c                LPUART1_IRQHandler
                0x0800141c                TIM2_IRQHandler
                0x0800141c                EXTI1_IRQHandler
                0x0800141c                AES_IRQHandler
                0x0800141c                USART2_IRQHandler
                0x0800141c                DFSDM1_FLT0_IRQHandler
                0x0800141c                I2C2_ER_IRQHandler
                0x0800141c                TIM8_BRK_IRQHandler
                0x0800141c                CAN1_SCE_IRQHandler
                0x0800141c                FLASH_IRQHandler
                0x0800141c                BusFault_Handler
                0x0800141c                USART1_IRQHandler
                0x0800141c                OTG_FS_IRQHandler
                0x0800141c                SPI3_IRQHandler
                0x0800141c                DMA2_CH6_IRQHandler
                0x0800141c                DMA2_CH3_IRQHandler
                0x0800141c                DMA2_CH2_IRQHandler
                0x0800141c                I2C1_ER_IRQHandler
                0x0800141c                FMC_IRQHandler
                0x0800141c                DMA1_CH5_IRQHandler
                0x0800141c                DMA2_CH4_IRQHandler
                0x0800141c                SWPMI1_IRQHandler
                0x0800141c                LPTIM1_IRQHandler
                0x0800141c                SAI1_IRQHandler
                0x0800141c                TIM1_BRK_TIM15_IRQHandler
 .text.memset   0x0800141e       0x10 C:/ST/STM32CubeIDE_2.0.0/STM32CubeIDE/plugins/com.st.stm32cube.ide.mcu.externaltools.gnu-tools-for-stm32.13.3.rel1.win32_1.0.100.202509120712/tools/bin/../lib/gcc/arm-none-eabi/13.3.1/../../../../arm-none-eabi/lib/thumb/v7e-m+fp/hard\libc_nano.a(libc_a-memset.o)
                0x0800141e                memset
 *fill*         0x0800142e        0x2 
 .text.__libc_init_array
                0x08001430       0x48 C:/ST/STM32CubeIDE_2.0.0/STM32CubeIDE/plugins/com.st.stm32cube.ide.mcu.externaltools.gnu-tools-for-stm32.13.3.rel1.win32_1.0.100.202509120712/tools/bin/../lib/gcc/arm-none-eabi/13.3.1/../../../../arm-none-eabi/lib/thumb/v7e-m+fp/hard\libc_nano.a(libc_a-init.o)
                0x08001430                __libc_init_array
 *(.glue_7)
 .glue_7        0x08001478        0x0 linker stubs
 *(.glue_7t)
 .glue_7t       0x08001478        0x0 linker stubs
 *(.eh_frame)
 .eh_frame      0x08001478        0x0 C:/ST/STM32CubeIDE_2.0.0/STM32CubeIDE/plugins/com.st.stm32cube.ide.mcu.externaltools.gnu-tools-for-stm32.13.3.rel1.win32_1.0.100.202509120712/tools/bin/../lib/gcc/arm-none-eabi/13.3.1/thumb/v7e-m+fp/hard/crtbegin.o
 *(.init)
 .init          0x08001478        0x4 C:/ST/STM32CubeIDE_2.0.0/STM32CubeIDE/plugins/com.st.stm32cube.ide.mcu.externaltools.gnu-tools-for-stm32.13.3.rel1.win32_1.0.100.202509120712/tools/bin/../lib/gcc/arm-none-eabi/13.3.1/thumb/v7e-m+fp/hard/crti.o
                0x08001478                _init
 .init          0x0800147c        0x8 C:/ST/STM32CubeIDE_2.0.0/STM32CubeIDE/plugins/com.st.stm32cube.ide.mcu.externaltools.gnu-tools-for-stm32.13.3.rel1.win32_1.0.100.202509120712/tools/bin/../lib/gcc/arm-none-eabi/13.3.1/thumb/v7e-m+fp/hard/crtn.o
 *(.fini)
 .fini          0x08001484        0x4 C:/ST/STM32CubeIDE_2.0.0/STM32CubeIDE/plugins/com.st.stm32cube.ide.mcu.externaltools.gnu-tools-for-stm32.13.3.rel1.win32_1.0.100.202509120712/tools/bin/../lib/gcc/arm-none-eabi/13.3.1/thumb/v7e-m+fp/hard/crti.o
                0x08001484                _fini
 .fini          0x08001488        0x8 C:/ST/STM32CubeIDE_2.0.0/STM32CubeIDE/plugins/com.st.stm32cube.ide.mcu.externaltools.gnu-tools-for-stm32.13.3.rel1.win32_1.0.100.202509120712/tools/bin/../lib/gcc/arm-none-eabi/13.3.1/thumb/v7e-m+fp/hard/crtn.o
                0x08001490                        . = ALIGN (0x4)
                0x08001490                        _etext = .

.vfp11_veneer   0x08001490        0x0
 .vfp11_veneer  0x08001490        0x0 linker stubs

.v4_bx          0x08001490        0x0
 .v4_bx         0x08001490        0x0 linker stubs

.iplt           0x08001490        0x0
 .iplt          0x08001490        0x0 C:/ST/STM32CubeIDE_2.0.0/STM32CubeIDE/plugins/com.st.stm32cube.ide.mcu.externaltools.gnu-tools-for-stm32.13.3.rel1.win32_1.0.100.202509120712/tools/bin/../lib/gcc/arm-none-eabi/13.3.1/thumb/v7e-m+fp/hard/crtbegin.o

.rodata         0x08001490      0xc08
                0x08001490                        . = ALIGN (0x4)
 *(.rodata)
 .rodata        0x08001490        0xf ./Src/main.o
 *(.rodata*)
 *fill*         0x0800149f        0x1 
 .rodata.image_data_mortalKombatLogo
                0x080014a0      0x400 ./Src/mortalKombatLogo.o
                0x080014a0                image_data_mortalKombatLogo
 .rodata.mortalKombatLogo
                0x080018a0        0xc ./Src/mortalKombatLogo.o
                0x080018a0                mortalKombatLogo
 .rodata.Font6x8
                0x080018ac      0x5f0 ./Src/ssd1306_fonts.o
 .rodata.Font_6x8
                0x08001e9c        0xc ./Src/ssd1306_fonts.o
                0x08001e9c                Font_6x8
 .rodata.mortalKombat_Intro.2
                0x08001ea8       0x80 ./Src/themeSong.o
 .rodata.mortalKombat_PreChorus.1
                0x08001f28       0x70 ./Src/themeSong.o
 .rodata.mortalKombat_Chorus.0
                0x08001f98      0x100 ./Src/themeSong.o
                0x08002098                        . = ALIGN (0x4)

.ARM.extab      0x08002098        0x0
                0x08002098                        . = ALIGN (0x4)
 *(.ARM.extab* .gnu.linkonce.armextab.*)
                0x08002098                        . = ALIGN (0x4)

.ARM            0x08002098        0x0
                0x08002098                        . = ALIGN (0x4)
                0x08002098                        __exidx_start = .
 *(.ARM.exidx*)
                0x08002098                        __exidx_end = .
                0x08002098                        . = ALIGN (0x4)

.preinit_array  0x08002098        0x0
                0x08002098                        . = ALIGN (0x4)
                0x08002098                        PROVIDE (__preinit_array_start = .)
 *(.preinit_array*)
                0x08002098                        PROVIDE (__preinit_array_end = .)
                0x08002098                        . = ALIGN (0x4)

.init_array     0x08002098        0x4
                0x08002098                        . = ALIGN (0x4)
                0x08002098                        PROVIDE (__init_array_start = .)
 *(SORT_BY_NAME(.init_array.*))
 *(.init_array*)
 .init_array    0x08002098        0x4 C:/ST/STM32CubeIDE_2.0.0/STM32CubeIDE/plugins/com.st.stm32cube.ide.mcu.externaltools.gnu-tools-for-stm32.13.3.rel1.win32_1.0.100.202509120712/tools/bin/../lib/gcc/arm-none-eabi/13.3.1/thumb/v7e-m+fp/hard/crtbegin.o
                0x0800209c                        PROVIDE (__init_array_end = .)
                0x0800209c                        . = ALIGN (0x4)

.fini_array     0x0800209c        0x4
                0x0800209c                        . = ALIGN (0x4)
                [!provide]                        PROVIDE (__fini_array_start = .)
 *(SORT_BY_NAME(.fini_array.*))
 *(.fini_array*)
 .fini_array    0x0800209c        0x4 C:/ST/STM32CubeIDE_2.0.0/STM32CubeIDE/plugins/com.st.stm32cube.ide.mcu.externaltools.gnu-tools-for-stm32.13.3.rel1.win32_1.0.100.202509120712/tools/bin/../lib/gcc/arm-none-eabi/13.3.1/thumb/v7e-m+fp/hard/crtbegin.o
                [!provide]                        PROVIDE (__fini_array_end = .)
                0x080020a0                        . = ALIGN (0x4)
                0x080020a0                        _sidata = LOADADDR (.data)

.rel.dyn        0x080020a0        0x0
 .rel.iplt      0x080020a0        0x0 C:/ST/STM32CubeIDE_2.0.0/STM32CubeIDE/plugins/com.st.stm32cube.ide.mcu.externaltools.gnu-tools-for-stm32.13.3.rel1.win32_1.0.100.202509120712/tools/bin/../lib/gcc/arm-none-eabi/13.3.1/thumb/v7e-m+fp/hard/crtbegin.o

.data           0x20000000       0x10 load address 0x080020a0
                0x20000000                        . = ALIGN (0x4)
                0x20000000                        _sdata = .
 *(.data)
 *(.data*)
 .data.player1_XCenter
                0x20000000        0x4 ./Src/main.o
                0x20000000                player1_XCenter
 .data.player1_YCenter
                0x20000004        0x4 ./Src/main.o
                0x20000004                player1_YCenter
 .data.player2_XCenter
                0x20000008        0x4 ./Src/main.o
                0x20000008                player2_XCenter
 .data.player2_YCenter
                0x2000000c        0x4 ./Src/main.o
                0x2000000c                player2_YCenter
 *(.RamFunc)
 *(.RamFunc*)
                0x20000010                        . = ALIGN (0x4)
                0x20000010                        _edata = .
                0x080020b0                        _sisram2 = LOADADDR (.sram2)

.igot.plt       0x20000010        0x0 load address 0x080020b0
 .igot.plt      0x20000010        0x0 C:/ST/STM32CubeIDE_2.0.0/STM32CubeIDE/plugins/com.st.stm32cube.ide.mcu.externaltools.gnu-tools-for-stm32.13.3.rel1.win32_1.0.100.202509120712/tools/bin/../lib/gcc/arm-none-eabi/13.3.1/thumb/v7e-m+fp/hard/crtbegin.o

.sram2          0x10000000        0x0 load address 0x080020b0
                0x10000000                        . = ALIGN (0x4)
                0x10000000                        _ssram2 = .
 *(.sram2)
 *(.sram2*)
                0x10000000                        . = ALIGN (0x4)
                0x10000000                        _esram2 = .
                0x10000000                        . = ALIGN (0x4)

.bss            0x20000010      0x458
                0x20000010                        _sbss = .
                0x20000010                        __bss_start__ = _sbss
 *(.bss)
 .bss           0x20000010       0x1c C:/ST/STM32CubeIDE_2.0.0/STM32CubeIDE/plugins/com.st.stm32cube.ide.mcu.externaltools.gnu-tools-for-stm32.13.3.rel1.win32_1.0.100.202509120712/tools/bin/../lib/gcc/arm-none-eabi/13.3.1/thumb/v7e-m+fp/hard/crtbegin.o
 *(.bss*)
 .bss.toggle    0x2000002c        0x4 ./Src/TIM2.o
                0x2000002c                toggle
 .bss.input_detected_flag
                0x20000030        0x1 ./Src/main.o
                0x20000030                input_detected_flag
 *fill*         0x20000031        0x3 
 .bss.player1_leftEdge
                0x20000034        0x4 ./Src/main.o
                0x20000034                player1_leftEdge
 .bss.player1_rightEdge
                0x20000038        0x4 ./Src/main.o
                0x20000038                player1_rightEdge
 .bss.player2_leftEdge
                0x2000003c        0x4 ./Src/main.o
                0x2000003c                player2_leftEdge
 .bss.player2_rightEdge
                0x20000040        0x4 ./Src/main.o
                0x20000040                player2_rightEdge
 .bss.player2_topEdge
                0x20000044        0x4 ./Src/main.o
                0x20000044                player2_topEdge
 .bss.player2_bottomEdge
                0x20000048        0x4 ./Src/main.o
                0x20000048                player2_bottomEdge
 .bss.SSD1306_Buffer
                0x2000004c      0x400 ./Src/ssd1306_nohal.o
 .bss.SSD1306   0x2000044c        0x6 ./Src/ssd1306_nohal.o
 *fill*         0x20000452        0x2 
 .bss.sys_us    0x20000454        0x4 ./Src/system_clock.o
                0x20000454                sys_us
 .bss.step      0x20000458        0x4 ./Src/themeSong.o
                0x20000458                step
 .bss.transitionStep
                0x2000045c        0x4 ./Src/themeSong.o
                0x2000045c                transitionStep
 .bss.rowStep   0x20000460        0x4 ./Src/themeSong.o
                0x20000460                rowStep
 .bss.rowIndex  0x20000464        0x4 ./Src/themeSong.o
                0x20000464                rowIndex
 *(COMMON)
                0x20000468                        . = ALIGN (0x4)
                0x20000468                        _ebss = .
                0x20000468                        __bss_end__ = _ebss

._user_heap_stack
                0x20000468      0x600
                0x20000468                        . = ALIGN (0x8)
                [!provide]                        PROVIDE (end = .)
                0x20000468                        PROVIDE (_end = .)
                0x20000668                        . = (. + _Min_Heap_Size)
 *fill*         0x20000468      0x200 
                0x20000a68                        . = (. + _Min_Stack_Size)
 *fill*         0x20000668      0x400 
                0x20000a68                        . = ALIGN (0x8)

/DISCARD/
 libc.a(*)
 libm.a(*)
 libgcc.a(*)

.ARM.attributes
                0x00000000       0x30
 *(.ARM.attributes)
 .ARM.attributes
                0x00000000       0x22 C:/ST/STM32CubeIDE_2.0.0/STM32CubeIDE/plugins/com.st.stm32cube.ide.mcu.externaltools.gnu-tools-for-stm32.13.3.rel1.win32_1.0.100.202509120712/tools/bin/../lib/gcc/arm-none-eabi/13.3.1/thumb/v7e-m+fp/hard/crti.o
 .ARM.attributes
                0x00000022       0x34 C:/ST/STM32CubeIDE_2.0.0/STM32CubeIDE/plugins/com.st.stm32cube.ide.mcu.externaltools.gnu-tools-for-stm32.13.3.rel1.win32_1.0.100.202509120712/tools/bin/../lib/gcc/arm-none-eabi/13.3.1/thumb/v7e-m+fp/hard/crtbegin.o
 .ARM.attributes
                0x00000056       0x34 ./Src/GPIO.o
 .ARM.attributes
                0x0000008a       0x34 ./Src/TIM2.o
 .ARM.attributes
                0x000000be       0x34 ./Src/main.o
 .ARM.attributes
                0x000000f2       0x34 ./Src/mortalKombatLogo.o
 .ARM.attributes
                0x00000126       0x34 ./Src/ssd1306_fonts.o
 .ARM.attributes
                0x0000015a       0x34 ./Src/ssd1306_nohal.o
 .ARM.attributes
                0x0000018e       0x34 ./Src/system_clock.o
 .ARM.attributes
                0x000001c2       0x34 ./Src/themeSong.o
 .ARM.attributes
                0x000001f6       0x21 ./Startup/startup_stm32l476rgtx.o
 .ARM.attributes
                0x00000217       0x34 C:/ST/STM32CubeIDE_2.0.0/STM32CubeIDE/plugins/com.st.stm32cube.ide.mcu.externaltools.gnu-tools-for-stm32.13.3.rel1.win32_1.0.100.202509120712/tools/bin/../lib/gcc/arm-none-eabi/13.3.1/../../../../arm-none-eabi/lib/thumb/v7e-m+fp/hard\libc_nano.a(libc_a-memset.o)
 .ARM.attributes
                0x0000024b       0x34 C:/ST/STM32CubeIDE_2.0.0/STM32CubeIDE/plugins/com.st.stm32cube.ide.mcu.externaltools.gnu-tools-for-stm32.13.3.rel1.win32_1.0.100.202509120712/tools/bin/../lib/gcc/arm-none-eabi/13.3.1/../../../../arm-none-eabi/lib/thumb/v7e-m+fp/hard\libc_nano.a(libc_a-init.o)
 .ARM.attributes
                0x0000027f       0x22 C:/ST/STM32CubeIDE_2.0.0/STM32CubeIDE/plugins/com.st.stm32cube.ide.mcu.externaltools.gnu-tools-for-stm32.13.3.rel1.win32_1.0.100.202509120712/tools/bin/../lib/gcc/arm-none-eabi/13.3.1/thumb/v7e-m+fp/hard/crtn.o
OUTPUT(Mortal_Kombat.elf elf32-littlearm)
LOAD linker stubs
LOAD C:/ST/STM32CubeIDE_2.0.0/STM32CubeIDE/plugins/com.st.stm32cube.ide.mcu.externaltools.gnu-tools-for-stm32.13.3.rel1.win32_1.0.100.202509120712/tools/bin/../lib/gcc/arm-none-eabi/13.3.1/../../../../arm-none-eabi/lib/thumb/v7e-m+fp/hard\libc.a
LOAD C:/ST/STM32CubeIDE_2.0.0/STM32CubeIDE/plugins/com.st.stm32cube.ide.mcu.externaltools.gnu-tools-for-stm32.13.3.rel1.win32_1.0.100.202509120712/tools/bin/../lib/gcc/arm-none-eabi/13.3.1/../../../../arm-none-eabi/lib/thumb/v7e-m+fp/hard\libm.a
LOAD C:/ST/STM32CubeIDE_2.0.0/STM32CubeIDE/plugins/com.st.stm32cube.ide.mcu.externaltools.gnu-tools-for-stm32.13.3.rel1.win32_1.0.100.202509120712/tools/bin/../lib/gcc/arm-none-eabi/13.3.1/thumb/v7e-m+fp/hard\libgcc.a

.debug_info     0x00000000     0x35ee
 .debug_info    0x00000000      0x328 ./Src/GPIO.o
 .debug_info    0x00000328      0x91e ./Src/TIM2.o
 .debug_info    0x00000c46      0x844 ./Src/main.o
 .debug_info    0x0000148a      0x131 ./Src/mortalKombatLogo.o
 .debug_info    0x000015bb      0x2a4 ./Src/ssd1306_fonts.o
 .debug_info    0x0000185f      0xdcf ./Src/ssd1306_nohal.o
 .debug_info    0x0000262e      0xa1f ./Src/system_clock.o
 .debug_info    0x0000304d      0x571 ./Src/themeSong.o
 .debug_info    0x000035be       0x30 ./Startup/startup_stm32l476rgtx.o

.debug_abbrev   0x00000000      0xbca
 .debug_abbrev  0x00000000       0xb5 ./Src/GPIO.o
 .debug_abbrev  0x000000b5      0x1bb ./Src/TIM2.o
 .debug_abbrev  0x00000270      0x1e9 ./Src/main.o
 .debug_abbrev  0x00000459       0xaf ./Src/mortalKombatLogo.o
 .debug_abbrev  0x00000508       0xcf ./Src/ssd1306_fonts.o
 .debug_abbrev  0x000005d7      0x2f8 ./Src/ssd1306_nohal.o
 .debug_abbrev  0x000008cf      0x1c7 ./Src/system_clock.o
 .debug_abbrev  0x00000a96      0x110 ./Src/themeSong.o
 .debug_abbrev  0x00000ba6       0x24 ./Startup/startup_stm32l476rgtx.o

.debug_aranges  0x00000000      0x240
 .debug_aranges
                0x00000000       0x20 ./Src/GPIO.o
 .debug_aranges
                0x00000020       0x40 ./Src/TIM2.o
 .debug_aranges
                0x00000060       0x38 ./Src/main.o
 .debug_aranges
                0x00000098       0x18 ./Src/mortalKombatLogo.o
 .debug_aranges
                0x000000b0       0x18 ./Src/ssd1306_fonts.o
 .debug_aranges
                0x000000c8       0xe8 ./Src/ssd1306_nohal.o
 .debug_aranges
                0x000001b0       0x40 ./Src/system_clock.o
 .debug_aranges
                0x000001f0       0x28 ./Src/themeSong.o
 .debug_aranges
                0x00000218       0x28 ./Startup/startup_stm32l476rgtx.o

.debug_rnglists
                0x00000000      0x18a
 .debug_rnglists
                0x00000000       0x13 ./Src/GPIO.o
 .debug_rnglists
                0x00000013       0x2c ./Src/TIM2.o
 .debug_rnglists
                0x0000003f       0x28 ./Src/main.o
 .debug_rnglists
                0x00000067       0xb5 ./Src/ssd1306_nohal.o
 .debug_rnglists
                0x0000011c       0x2c ./Src/system_clock.o
 .debug_rnglists
                0x00000148       0x29 ./Src/themeSong.o
 .debug_rnglists
                0x00000171       0x19 ./Startup/startup_stm32l476rgtx.o

.debug_macro    0x00000000     0x17bd
 .debug_macro   0x00000000       0xc9 ./Src/GPIO.o
 .debug_macro   0x000000c9       0xc9 ./Src/TIM2.o
 .debug_macro   0x00000192      0x1e4 ./Src/main.o
 .debug_macro   0x00000376       0x61 ./Src/main.o
 .debug_macro   0x000003d7       0x2a ./Src/main.o
 .debug_macro   0x00000401       0x43 ./Src/main.o
 .debug_macro   0x00000444       0x34 ./Src/main.o
 .debug_macro   0x00000478       0x16 ./Src/main.o
 .debug_macro   0x0000048e       0x9e ./Src/main.o
 .debug_macro   0x0000052c      0x370 ./Src/main.o
 .debug_macro   0x0000089c      0x112 ./Src/main.o
 .debug_macro   0x000009ae       0x10 ./Src/main.o
 .debug_macro   0x000009be       0x16 ./Src/main.o
 .debug_macro   0x000009d4       0x4a ./Src/main.o
 .debug_macro   0x00000a1e       0x34 ./Src/main.o
 .debug_macro   0x00000a52       0x10 ./Src/main.o
 .debug_macro   0x00000a62       0x58 ./Src/main.o
 .debug_macro   0x00000aba       0x8e ./Src/main.o
 .debug_macro   0x00000b48       0x1c ./Src/main.o
 .debug_macro   0x00000b64      0x185 ./Src/main.o
 .debug_macro   0x00000ce9       0x16 ./Src/main.o
 .debug_macro   0x00000cff       0x16 ./Src/main.o
 .debug_macro   0x00000d15      0x146 ./Src/main.o
 .debug_macro   0x00000e5b       0x3a ./Src/main.o
 .debug_macro   0x00000e95       0x16 ./Src/main.o
 .debug_macro   0x00000eab       0x6d ./Src/mortalKombatLogo.o
 .debug_macro   0x00000f18       0xbe ./Src/ssd1306_fonts.o
 .debug_macro   0x00000fd6      0x190 ./Src/ssd1306_fonts.o
 .debug_macro   0x00001166      0x1ef ./Src/ssd1306_nohal.o
 .debug_macro   0x00001355      0x19b ./Src/ssd1306_nohal.o
 .debug_macro   0x000014f0       0x16 ./Src/ssd1306_nohal.o
 .debug_macro   0x00001506       0x3c ./Src/ssd1306_nohal.o
 .debug_macro   0x00001542       0x16 ./Src/ssd1306_nohal.o
 .debug_macro   0x00001558       0x29 ./Src/ssd1306_nohal.o
 .debug_macro   0x00001581       0x16 ./Src/ssd1306_nohal.o
 .debug_macro   0x00001597       0x20 ./Src/ssd1306_nohal.o
 .debug_macro   0x000015b7       0xef ./Src/system_clock.o
 .debug_macro   0x000016a6      0x117 ./Src/themeSong.o

.debug_line     0x00000000     0x38b4
 .debug_line    0x00000000      0x4ac ./Src/GPIO.o
 .debug_line    0x000004ac      0x5c0 ./Src/TIM2.o
 .debug_line    0x00000a6c      0x835 ./Src/main.o
 .debug_line    0x000012a1      0x41a ./Src/mortalKombatLogo.o
 .debug_line    0x000016bb      0x52b ./Src/ssd1306_fonts.o
 .debug_line    0x00001be6      0xf9c ./Src/ssd1306_nohal.o
 .debug_line    0x00002b82      0x608 ./Src/system_clock.o
 .debug_line    0x0000318a      0x6af ./Src/themeSong.o
 .debug_line    0x00003839       0x7b ./Startup/startup_stm32l476rgtx.o

.debug_str      0x00000000    0xa36fb
 .debug_str     0x00000000    0xa36fb ./Src/GPIO.o
                              0x9e422 (size before relaxing)
 .debug_str     0x000a36fb        0x0 ./Src/TIM2.o
                              0x9ea01 (size before relaxing)
 .debug_str     0x000a36fb        0x0 ./Src/main.o
                              0xa23c7 (size before relaxing)
 .debug_str     0x000a36fb        0x0 ./Src/mortalKombatLogo.o
                               0x3e53 (size before relaxing)
 .debug_str     0x000a36fb        0x0 ./Src/ssd1306_fonts.o
                               0x468e (size before relaxing)
 .debug_str     0x000a36fb        0x0 ./Src/ssd1306_nohal.o
                              0xa2737 (size before relaxing)
 .debug_str     0x000a36fb        0x0 ./Src/system_clock.o
                              0x9ea9f (size before relaxing)
 .debug_str     0x000a36fb        0x0 ./Src/themeSong.o
                              0x9e56f (size before relaxing)
 .debug_str     0x000a36fb        0x0 ./Startup/startup_stm32l476rgtx.o
                                 0x9d (size before relaxing)

.comment        0x00000000       0x43
 .comment       0x00000000       0x43 ./Src/GPIO.o
                                 0x44 (size before relaxing)
 .comment       0x00000043        0x0 ./Src/TIM2.o
                                 0x44 (size before relaxing)
 .comment       0x00000043        0x0 ./Src/main.o
                                 0x44 (size before relaxing)
 .comment       0x00000043        0x0 ./Src/mortalKombatLogo.o
                                 0x44 (size before relaxing)
 .comment       0x00000043        0x0 ./Src/ssd1306_fonts.o
                                 0x44 (size before relaxing)
 .comment       0x00000043        0x0 ./Src/ssd1306_nohal.o
                                 0x44 (size before relaxing)
 .comment       0x00000043        0x0 ./Src/system_clock.o
                                 0x44 (size before relaxing)
 .comment       0x00000043        0x0 ./Src/themeSong.o
                                 0x44 (size before relaxing)

.debug_frame    0x00000000      0x6d4
 .debug_frame   0x00000000       0x30 ./Src/GPIO.o
 .debug_frame   0x00000030       0xb0 ./Src/TIM2.o
 .debug_frame   0x000000e0       0xa0 ./Src/main.o
 .debug_frame   0x00000180      0x3ec ./Src/ssd1306_nohal.o
 .debug_frame   0x0000056c       0xc4 ./Src/system_clock.o
 .debug_frame   0x00000630       0x58 ./Src/themeSong.o
 .debug_frame   0x00000688       0x20 C:/ST/STM32CubeIDE_2.0.0/STM32CubeIDE/plugins/com.st.stm32cube.ide.mcu.externaltools.gnu-tools-for-stm32.13.3.rel1.win32_1.0.100.202509120712/tools/bin/../lib/gcc/arm-none-eabi/13.3.1/../../../../arm-none-eabi/lib/thumb/v7e-m+fp/hard\libc_nano.a(libc_a-memset.o)
 .debug_frame   0x000006a8       0x2c C:/ST/STM32CubeIDE_2.0.0/STM32CubeIDE/plugins/com.st.stm32cube.ide.mcu.externaltools.gnu-tools-for-stm32.13.3.rel1.win32_1.0.100.202509120712/tools/bin/../lib/gcc/arm-none-eabi/13.3.1/../../../../arm-none-eabi/lib/thumb/v7e-m+fp/hard\libc_nano.a(libc_a-init.o)

.debug_line_str
                0x00000000       0x81
 .debug_line_str
                0x00000000       0x81 ./Startup/startup_stm32l476rgtx.o
